[tfhtml.themepul.com/restly/index.html]
[backblue.gif]
[fade.gif]
[index.html]
[tfhtml.themepul.com/restly/assets/images/favicon.png]
[tfhtml.themepul.com/restly/assets/css/font-awesome-5.9.0.css]
[tfhtml.themepul.com/restly/assets/css/bootstrap.min.css]
[tfhtml.themepul.com/restly/assets/css/magnific-popup.css]
[tfhtml.themepul.com/restly/assets/css/flaticon.css]
[tfhtml.themepul.com/restly/assets/css/animate.css]
[tfhtml.themepul.com/restly/assets/css/slick.css]
[tfhtml.themepul.com/restly/assets/css/style.css]
[tfhtml.themepul.com/restly/assets/images/logos/logo.png]
[tfhtml.themepul.com/restly/index2.html]
[tfhtml.themepul.com/restly/index3.html]
[tfhtml.themepul.com/restly/index4.html]
[tfhtml.themepul.com/restly/index5.html]
[tfhtml.themepul.com/restly/index6.html]
[tfhtml.themepul.com/restly/index7.html]
[tfhtml.themepul.com/restly/index8.html]
[tfhtml.themepul.com/restly/index9.html]
[tfhtml.themepul.com/restly/index10.html]
[tfhtml.themepul.com/restly/index-onepage.html]
[tfhtml.themepul.com/restly/index2-onepage.html]
[tfhtml.themepul.com/restly/index3-onepage.html]
[tfhtml.themepul.com/restly/index4-onepage.html]
[tfhtml.themepul.com/restly/index5-onepage.html]
[tfhtml.themepul.com/restly/index6-onepage.html]
[tfhtml.themepul.com/restly/index7-onepage.html]
[tfhtml.themepul.com/restly/index8-onepage.html]
[tfhtml.themepul.com/restly/index9-onepage.html]
[tfhtml.themepul.com/restly/index10-onepage.html]
[tfhtml.themepul.com/restly/about.html]
[tfhtml.themepul.com/restly/about-2.html]
[tfhtml.themepul.com/restly/about-3.html]
[tfhtml.themepul.com/restly/about-4.html]
[tfhtml.themepul.com/restly/about-5.html]
[tfhtml.themepul.com/restly/about-6.html]
[tfhtml.themepul.com/restly/about-7.html]
[tfhtml.themepul.com/restly/services.html]
[tfhtml.themepul.com/restly/services-2.html]
[tfhtml.themepul.com/restly/services-3.html]
[tfhtml.themepul.com/restly/services-4.html]
[tfhtml.themepul.com/restly/services-5.html]
[tfhtml.themepul.com/restly/services-6.html]
[tfhtml.themepul.com/restly/services-7.html]
[tfhtml.themepul.com/restly/service-details.html]
[tfhtml.themepul.com/restly/counter.html]
[tfhtml.themepul.com/restly/shop.html]
[tfhtml.themepul.com/restly/shop-details.html]
[tfhtml.themepul.com/restly/portfolio.html]
[tfhtml.themepul.com/restly/portfolio-2.html]
[tfhtml.themepul.com/restly/portfolio-3.html]
[tfhtml.themepul.com/restly/portfolio-4.html]
[tfhtml.themepul.com/restly/portfolio-details.html]
[tfhtml.themepul.com/restly/team-1.html]
[tfhtml.themepul.com/restly/team-2.html]
[tfhtml.themepul.com/restly/team-3.html]
[tfhtml.themepul.com/restly/team-4.html]
[tfhtml.themepul.com/restly/team-profile.html]
[tfhtml.themepul.com/restly/pricing.html]
[tfhtml.themepul.com/restly/pricing-2.html]
[tfhtml.themepul.com/restly/pricing-3.html]
[tfhtml.themepul.com/restly/pricing-4.html]
[tfhtml.themepul.com/restly/pricing-5.html]
[tfhtml.themepul.com/restly/pricing-6.html]
[tfhtml.themepul.com/restly/testimonial.html]
[tfhtml.themepul.com/restly/testimonial-2.html]
[tfhtml.themepul.com/restly/testimonial-3.html]
[tfhtml.themepul.com/restly/testimonial-4.html]
[tfhtml.themepul.com/restly/404.html]
[tfhtml.themepul.com/restly/blog.html]
[tfhtml.themepul.com/restly/blog-details.html]
[tfhtml.themepul.com/restly/contact.html]
[tfhtml.themepul.com/restly/assets/images/hero/hero-one.jpg]
[tfhtml.themepul.com/restly/assets/images/about/about.png]
[tfhtml.themepul.com/restly/assets/images/counter/counter-bg.jpg]
[tfhtml.themepul.com/restly/assets/images/feature/feature-bg.jpg]
[tfhtml.themepul.com/restly/assets/images/background/work-progress.jpg]
[tfhtml.themepul.com/restly/assets/images/gallery/gallery-1.jpg]
[tfhtml.themepul.com/restly/assets/images/gallery/gallery-2.jpg]
[tfhtml.themepul.com/restly/assets/images/gallery/gallery-3.jpg]
[tfhtml.themepul.com/restly/assets/images/gallery/gallery-4.jpg]
[tfhtml.themepul.com/restly/assets/images/news/news-1.jpg]
[tfhtml.themepul.com/restly/assets/images/news/news-author-1.jpg]
[tfhtml.themepul.com/restly/assets/images/news/news-2.jpg]
[tfhtml.themepul.com/restly/assets/images/news/news-author-2.jpg]
[tfhtml.themepul.com/restly/assets/images/news/news-3.jpg]
[tfhtml.themepul.com/restly/assets/images/news/news-author-3.jpg]
[tfhtml.themepul.com/restly/assets/images/footer/footer-bg-dots.png]
[tfhtml.themepul.com/restly/assets/js/jquery-3.6.0.min.js]
[tfhtml.themepul.com/restly/assets/js/bootstrap.min.js]
[tfhtml.themepul.com/restly/assets/js/appear.min.js]
[tfhtml.themepul.com/restly/assets/js/slick.min.js]
[tfhtml.themepul.com/restly/assets/js/jquery.magnific-popup.min.js]
[tfhtml.themepul.com/restly/assets/js/isotope.pkgd.min.js]
[tfhtml.themepul.com/restly/assets/js/wow.js]
[tfhtml.themepul.com/restly/index.html]
[tfhtml.themepul.com/restly/assets/js/script.js]
[tfhtml.themepul.com/restly/assets/fonts/fa-brands-400.woff2]
[tfhtml.themepul.com/restly/assets/fonts/fa-brands-400.eot]
[tfhtml.themepul.com/restly/assets/fonts/fa-brands-400d41d.eot]
[tfhtml.themepul.com/restly/assets/fonts/fa-brands-400.woff]
[tfhtml.themepul.com/restly/assets/fonts/fa-brands-400.ttf]
[tfhtml.themepul.com/restly/assets/fonts/fa-regular-400.eot]
[tfhtml.themepul.com/restly/assets/fonts/fa-regular-400d41d.eot]
[tfhtml.themepul.com/restly/assets/fonts/fa-regular-400.woff2]
[tfhtml.themepul.com/restly/assets/fonts/fa-regular-400.woff]
[tfhtml.themepul.com/restly/assets/fonts/fa-regular-400.ttf]
[tfhtml.themepul.com/restly/assets/fonts/fa-regular-400.svg]
[tfhtml.themepul.com/restly/assets/fonts/fa-brands-400.svg]
[tfhtml.themepul.com/restly/assets/fonts/fa-solid-900.eot]
[tfhtml.themepul.com/restly/assets/fonts/fa-solid-900.woff2]
[tfhtml.themepul.com/restly/assets/fonts/fa-solid-900.woff]
[tfhtml.themepul.com/restly/assets/fonts/fa-solid-900d41d.eot]
[tfhtml.themepul.com/restly/assets/css/font-awesome-5.9.0.css]
[tfhtml.themepul.com/restly/assets/css/bootstrap.min.css]
[tfhtml.themepul.com/restly/assets/css/magnific-popup.css]
[tfhtml.themepul.com/restly/assets/fonts/Flaticon.woff2]
[tfhtml.themepul.com/restly/assets/fonts/Flaticon.woff]
[tfhtml.themepul.com/restly/assets/css/flaticon.css]
[tfhtml.themepul.com/restly/assets/css/animate.css]
[tfhtml.themepul.com/restly/assets/css/slick.css]
[tfhtml.themepul.com/restly/assets/fonts/fa-solid-900.ttf]
[tfhtml.themepul.com/restly/assets/images/shapes/subtitle-bg.png]
[tfhtml.themepul.com/restly/assets/images/shapes/subtitle-bg-white.png]
[tfhtml.themepul.com/restly/assets/fonts/fa-solid-900.svg]
[tfhtml.themepul.com/restly/assets/images/about/about-bg-shape.png]
[tfhtml.themepul.com/restly/assets/images/about/about-four-bg-shape.png]
[tfhtml.themepul.com/restly/assets/images/about/about-bg-dots.png]
[tfhtml.themepul.com/restly/assets/images/about/about-eight-bg.png]
[tfhtml.themepul.com/restly/assets/images/services/service-bg-shape.png]
[tfhtml.themepul.com/restly/assets/images/services/service-eight-bg.png]
[tfhtml.themepul.com/restly/assets/images/shapes/counter-side-line.png]
[tfhtml.themepul.com/restly/assets/images/background/progress-bg-line.png]
[tfhtml.themepul.com/restly/assets/images/background/pricing-bg.png]
[tfhtml.themepul.com/restly/assets/images/background/price-bg-balls.png]
[tfhtml.themepul.com/restly/assets/images/shapes/price-bg-shape.png]
[tfhtml.themepul.com/restly/assets/images/gallery/gallery-bg.png]
[tfhtml.themepul.com/restly/assets/images/protects/protects-bg.png]
[tfhtml.themepul.com/restly/assets/images/news/call-action-widget.jpg]
[tfhtml.themepul.com/restly/assets/images/protects/video.jpg]
[tfhtml.themepul.com/restly/assets/css/style.css]
[tfhtml.themepul.com/restly/assets/images/hero/hero-two.jpg]
[tfhtml.themepul.com/restly/assets/images/about/about-two.jpg]
[tfhtml.themepul.com/restly/assets/images/client-logo/client-logo-1.png]
[tfhtml.themepul.com/restly/assets/images/client-logo/client-logo-2.png]
[tfhtml.themepul.com/restly/assets/images/client-logo/client-logo-3.png]
[tfhtml.themepul.com/restly/assets/images/client-logo/client-logo-4.png]
[tfhtml.themepul.com/restly/assets/images/client-logo/client-logo-5.png]
[tfhtml.themepul.com/restly/assets/images/contact/home-two.jpg]
[tfhtml.themepul.com/restly/assets/images/team/team-1.jpg]
[tfhtml.themepul.com/restly/assets/images/team/team-2.jpg]
[tfhtml.themepul.com/restly/assets/images/team/team-3.jpg]
[tfhtml.themepul.com/restly/assets/images/team/team-4.jpg]
[tfhtml.themepul.com/restly/assets/images/gallery/gallery-two-1.jpg]
[tfhtml.themepul.com/restly/assets/images/gallery/gallery-two-2.jpg]
[tfhtml.themepul.com/restly/assets/images/gallery/gallery-two-3.jpg]
[tfhtml.themepul.com/restly/assets/images/news/news-bg-two.jpg]
[tfhtml.themepul.com/restly/assets/images/footer/footer-bg-map.png]
[tfhtml.themepul.com/restly/index2.html]
[tfhtml.themepul.com/restly/assets/images/hero/hero-three.jpg]
[tfhtml.themepul.com/restly/assets/images/services/service-1.jpg]
[tfhtml.themepul.com/restly/assets/images/services/service-2.jpg]
[tfhtml.themepul.com/restly/assets/images/services/service-3.jpg]
[tfhtml.themepul.com/restly/assets/images/background/progress.png]
[tfhtml.themepul.com/restly/assets/images/about/about-three-1.jpg]
[tfhtml.themepul.com/restly/assets/images/about/about-three-2.jpg]
[tfhtml.themepul.com/restly/assets/images/team/team-bg.jpg]
[tfhtml.themepul.com/restly/assets/images/testimonials/testi-author-1.jpg]
[tfhtml.themepul.com/restly/assets/images/testimonials/testi-author-2.jpg]
[tfhtml.themepul.com/restly/assets/images/gallery/gallery-three-1.jpg]
[tfhtml.themepul.com/restly/assets/images/gallery/gallery-three-2.jpg]
[tfhtml.themepul.com/restly/assets/images/gallery/gallery-three-3.jpg]
[tfhtml.themepul.com/restly/index3.html]
[tfhtml.themepul.com/restly/assets/images/hero/hero-four.jpg]
[tfhtml.themepul.com/restly/assets/images/hero/hero-four-shape.png]
[tfhtml.themepul.com/restly/assets/images/about/about-four.jpg]
[tfhtml.themepul.com/restly/assets/images/about/about-circle-dots.png]
[tfhtml.themepul.com/restly/assets/images/logos/logo-circle.png]
[tfhtml.themepul.com/restly/assets/images/about/about-four-2.jpg]
[tfhtml.themepul.com/restly/assets/images/about/about-tab.png]
[tfhtml.themepul.com/restly/assets/images/gallery/gallery-four-1.jpg]
[tfhtml.themepul.com/restly/assets/images/gallery/gallery-four-2.jpg]
[tfhtml.themepul.com/restly/assets/images/gallery/gallery-four-3.jpg]
[tfhtml.themepul.com/restly/assets/images/gallery/gallery-four-4.jpg]
[tfhtml.themepul.com/restly/assets/images/gallery/gallery-four-5.jpg]
[tfhtml.themepul.com/restly/assets/images/gallery/gallery-four-6.jpg]
[tfhtml.themepul.com/restly/assets/images/gallery/gallery-four-7.jpg]
[tfhtml.themepul.com/restly/assets/images/gallery/gallery-four-8.jpg]
[tfhtml.themepul.com/restly/assets/images/team/team-three-1.jpg]
[tfhtml.themepul.com/restly/assets/images/team/team-three-2.jpg]
[tfhtml.themepul.com/restly/assets/images/team/team-three-3.jpg]
[tfhtml.themepul.com/restly/assets/images/logos/logo-footer.png]
[tfhtml.themepul.com/restly/assets/images/news/footer-widget-1.jpg]
[tfhtml.themepul.com/restly/assets/images/news/footer-widget-2.jpg]
[tfhtml.themepul.com/restly/index4.html]
[tfhtml.themepul.com/restly/assets/images/logos/logo-two.png]
[tfhtml.themepul.com/restly/assets/images/hero/hero-five.jpg]
[tfhtml.themepul.com/restly/assets/images/about/about-five.jpg]
[tfhtml.themepul.com/restly/assets/images/services/service-five-1.jpg]
[tfhtml.themepul.com/restly/assets/images/services/service-five-2.jpg]
[tfhtml.themepul.com/restly/assets/images/services/service-five-3.jpg]
[tfhtml.themepul.com/restly/assets/images/services/service-five-4.jpg]
[tfhtml.themepul.com/restly/assets/images/counter/counter-bg-section.jpg]
[tfhtml.themepul.com/restly/assets/images/about/about-five-two.jpg]
[tfhtml.themepul.com/restly/assets/images/gallery/gallery-five-1.jpg]
[tfhtml.themepul.com/restly/assets/images/gallery/gallery-five-2.jpg]
[tfhtml.themepul.com/restly/assets/images/gallery/gallery-five-3.jpg]
[tfhtml.themepul.com/restly/assets/images/gallery/gallery-five-4.jpg]
[tfhtml.themepul.com/restly/assets/images/contact/contact-bg.jpg]
[tfhtml.themepul.com/restly/assets/images/testimonials/testimonial-two.jpg]
[tfhtml.themepul.com/restly/assets/images/testimonials/testi-author-3.jpg]
[tfhtml.themepul.com/restly/assets/images/background/price-five-bg.png]
[tfhtml.themepul.com/restly/assets/images/news/news-4.jpg]
[tfhtml.themepul.com/restly/assets/images/news/news-5.jpg]
[tfhtml.themepul.com/restly/assets/images/news/news-6.jpg]
[tfhtml.themepul.com/restly/assets/images/client-logo/client-logo-6.png]
[tfhtml.themepul.com/restly/assets/images/client-logo/client-logo-7.png]
[tfhtml.themepul.com/restly/assets/images/client-logo/client-logo-8.png]
[tfhtml.themepul.com/restly/assets/images/client-logo/client-logo-9.png]
[tfhtml.themepul.com/restly/assets/images/client-logo/client-logo-10.png]
[tfhtml.themepul.com/restly/assets/images/footer/footer-bg.png]
[tfhtml.themepul.com/restly/index5.html]
[tfhtml.themepul.com/restly/assets/images/logos/logo-three.png]
[tfhtml.themepul.com/restly/assets/images/hero/hero-six-1.png]
[tfhtml.themepul.com/restly/assets/images/hero/hero-six-2.png]
[tfhtml.themepul.com/restly/assets/images/hero/hero-six-3.png]
[tfhtml.themepul.com/restly/assets/images/hero/hero-six-ellipse.png]
[tfhtml.themepul.com/restly/assets/images/shapes/lines.png]
[tfhtml.themepul.com/restly/assets/images/shapes/w-shape.png]
[tfhtml.themepul.com/restly/assets/images/shapes/close.png]
[tfhtml.themepul.com/restly/assets/images/shapes/triangle.png]
[tfhtml.themepul.com/restly/assets/images/shapes/circle.png]
[tfhtml.themepul.com/restly/assets/images/about/about-six.png]
[tfhtml.themepul.com/restly/assets/images/about/about-graph.png]
[tfhtml.themepul.com/restly/assets/images/background/call-action-bg.png]
[tfhtml.themepul.com/restly/assets/images/client-logo/client-logo-11.png]
[tfhtml.themepul.com/restly/assets/images/client-logo/client-logo-12.png]
[tfhtml.themepul.com/restly/assets/images/client-logo/client-logo-13.png]
[tfhtml.themepul.com/restly/assets/images/client-logo/client-logo-14.png]
[tfhtml.themepul.com/restly/assets/images/client-logo/client-logo-15.png]
[tfhtml.themepul.com/restly/assets/images/client-logo/client-logo-16.png]
[tfhtml.themepul.com/restly/assets/images/about/customization-1.png]
[tfhtml.themepul.com/restly/assets/images/about/customization2.png]
[tfhtml.themepul.com/restly/assets/images/team/team-four-1.jpg]
[tfhtml.themepul.com/restly/assets/images/team/team-four-2.jpg]
[tfhtml.themepul.com/restly/assets/images/team/team-four-3.jpg]
[tfhtml.themepul.com/restly/assets/images/team/team-four-4.jpg]
[tfhtml.themepul.com/restly/assets/images/testimonials/testi-author-4.jpg]
[tfhtml.themepul.com/restly/assets/images/testimonials/testimonial-three.jpg]
[tfhtml.themepul.com/restly/assets/images/background/subscribe-bg.png]
[tfhtml.themepul.com/restly/assets/images/shapes/stones.png]
[tfhtml.themepul.com/restly/assets/images/shapes/dots.png]
[tfhtml.themepul.com/restly/assets/images/logos/logo-footer-two.png]
[tfhtml.themepul.com/restly/index6.html]
[tfhtml.themepul.com/restly/assets/css/home7fonts.css]
[tfhtml.themepul.com/restly/assets/images/logos/logo-black.png]
[tfhtml.themepul.com/restly/assets/images/hero/hero-seven-bg.png]
[tfhtml.themepul.com/restly/assets/images/hero/hero-seven-right-image.png]
[tfhtml.themepul.com/restly/assets/images/hero/hero-icon1.png]
[tfhtml.themepul.com/restly/assets/images/hero/hero-icon2.png]
[tfhtml.themepul.com/restly/assets/images/hero/hero-icon3.png]
[tfhtml.themepul.com/restly/assets/images/shapes/hero-shape1.png]
[tfhtml.themepul.com/restly/assets/images/shapes/hero-shape2.png]
[tfhtml.themepul.com/restly/assets/images/about/about-seven.png]
[tfhtml.themepul.com/restly/assets/images/background/services.png]
[tfhtml.themepul.com/restly/assets/images/services/service-seven1.png]
[tfhtml.themepul.com/restly/assets/images/services/service-seven2.png]
[tfhtml.themepul.com/restly/assets/images/services/service-seven3.png]
[tfhtml.themepul.com/restly/assets/images/shapes/service-triangle.png]
[tfhtml.themepul.com/restly/assets/images/shapes/service-line.png]
[tfhtml.themepul.com/restly/assets/images/background/counter-bg.png]
[tfhtml.themepul.com/restly/assets/images/about/solution-place.png]
[tfhtml.themepul.com/restly/assets/images/shapes/faq-triangle.png]
[tfhtml.themepul.com/restly/assets/images/background/pricing-seven-bg.png]
[tfhtml.themepul.com/restly/assets/images/testimonials/testi-four-author-1.png]
[tfhtml.themepul.com/restly/assets/images/testimonials/testi-four-author-2.png]
[tfhtml.themepul.com/restly/assets/images/testimonials/testi-four-author-3.png]
[tfhtml.themepul.com/restly/assets/images/news/blog-1.jpg]
[tfhtml.themepul.com/restly/assets/images/news/blog-2.jpg]
[tfhtml.themepul.com/restly/assets/images/background/footer-call-action-bg.png]
[tfhtml.themepul.com/restly/assets/images/footer/footer-call-action.png]
[tfhtml.themepul.com/restly/assets/images/background/footer-bg.png]
[tfhtml.themepul.com/restly/assets/images/logos/logo-footer-three.png]
[tfhtml.themepul.com/restly/index7.html]
[tfhtml.themepul.com/restly/assets/images/logos/logo-white-two.png]
[tfhtml.themepul.com/restly/assets/images/slider/slide1.jpg]
[tfhtml.themepul.com/restly/assets/images/slider/slide2.jpg]
[tfhtml.themepul.com/restly/assets/images/slider/slide3.jpg]
[tfhtml.themepul.com/restly/assets/images/feature/icon1.png]
[tfhtml.themepul.com/restly/assets/images/feature/icon2.png]
[tfhtml.themepul.com/restly/assets/images/feature/icon3.png]
[tfhtml.themepul.com/restly/assets/images/about/about-eight1.jpg]
[tfhtml.themepul.com/restly/assets/images/about/about-eight2.jpg]
[tfhtml.themepul.com/restly/assets/images/about/about-eight-content-bg.jpg]
[tfhtml.themepul.com/restly/assets/images/services/icon1.png]
[tfhtml.themepul.com/restly/assets/images/services/icon2.png]
[tfhtml.themepul.com/restly/assets/images/services/icon3.png]
[tfhtml.themepul.com/restly/assets/images/services/icon4.png]
[tfhtml.themepul.com/restly/assets/images/counter/icon1.png]
[tfhtml.themepul.com/restly/assets/images/counter/icon2.png]
[tfhtml.themepul.com/restly/assets/images/counter/icon3.png]
[tfhtml.themepul.com/restly/assets/images/protects/left-image.png]
[tfhtml.themepul.com/restly/assets/images/protects/icon1.png]
[tfhtml.themepul.com/restly/assets/images/protects/icon2.png]
[tfhtml.themepul.com/restly/assets/images/protects/icon3.png]
[tfhtml.themepul.com/restly/assets/images/protects/ready.jpg]
[tfhtml.themepul.com/restly/assets/images/gallery/project1.jpg]
[tfhtml.themepul.com/restly/assets/images/gallery/project2.jpg]
[tfhtml.themepul.com/restly/assets/images/gallery/project3.jpg]
[tfhtml.themepul.com/restly/assets/images/gallery/project4.jpg]
[tfhtml.themepul.com/restly/assets/images/testimonials/testimonial-five-bg.jpg]
[tfhtml.themepul.com/restly/assets/images/testimonials/testi-five-author.jpg]
[tfhtml.themepul.com/restly/assets/images/news/blog-five1.jpg]
[tfhtml.themepul.com/restly/assets/images/news/blog-five2.jpg]
[tfhtml.themepul.com/restly/assets/images/news/blog-five3.jpg]
[tfhtml.themepul.com/restly/assets/images/background/call-action-three-bg.jpg]
[tfhtml.themepul.com/restly/assets/images/logos/logo-white.png]
[tfhtml.themepul.com/restly/index8.html]
[tfhtml.themepul.com/restly/assets/images/logos/logo-white-three.png]
[tfhtml.themepul.com/restly/assets/images/hero/hero-eight.png]
[tfhtml.themepul.com/restly/assets/images/actions/action1.jpg]
[tfhtml.themepul.com/restly/assets/images/actions/author1.jpg]
[tfhtml.themepul.com/restly/assets/images/actions/action2.jpg]
[tfhtml.themepul.com/restly/assets/images/actions/author2.jpg]
[tfhtml.themepul.com/restly/assets/images/actions/action3.jpg]
[tfhtml.themepul.com/restly/assets/images/actions/author3.jpg]
[tfhtml.themepul.com/restly/assets/images/actions/action4.jpg]
[tfhtml.themepul.com/restly/assets/images/actions/author4.jpg]
[tfhtml.themepul.com/restly/assets/images/sallers/saller1.png]
[tfhtml.themepul.com/restly/assets/images/sallers/saller2.png]
[tfhtml.themepul.com/restly/assets/images/sallers/saller3.png]
[tfhtml.themepul.com/restly/assets/images/sallers/saller4.png]
[tfhtml.themepul.com/restly/assets/images/sallers/saller5.png]
[tfhtml.themepul.com/restly/assets/images/actions/collection1.jpg]
[tfhtml.themepul.com/restly/assets/images/actions/collection2.jpg]
[tfhtml.themepul.com/restly/assets/images/actions/collection3.jpg]
[tfhtml.themepul.com/restly/assets/images/actions/collection4.jpg]
[tfhtml.themepul.com/restly/assets/images/actions/collection5.jpg]
[tfhtml.themepul.com/restly/assets/images/actions/collection6.jpg]
[tfhtml.themepul.com/restly/assets/images/actions/collection7.jpg]
[tfhtml.themepul.com/restly/assets/images/actions/collection8.jpg]
[tfhtml.themepul.com/restly/assets/images/work-progress/icon-1.png]
[tfhtml.themepul.com/restly/assets/images/work-progress/icon-2.png]
[tfhtml.themepul.com/restly/assets/images/work-progress/icon-3.png]
[tfhtml.themepul.com/restly/assets/images/work-progress/icon-4.png]
[tfhtml.themepul.com/restly/assets/images/categories/category1.png]
[tfhtml.themepul.com/restly/assets/images/categories/category2.png]
[tfhtml.themepul.com/restly/assets/images/categories/category3.png]
[tfhtml.themepul.com/restly/assets/images/categories/category4.png]
[tfhtml.themepul.com/restly/assets/images/categories/category5.png]
[tfhtml.themepul.com/restly/assets/images/categories/category6.png]
[tfhtml.themepul.com/restly/assets/images/categories/category7.png]
[tfhtml.themepul.com/restly/assets/images/categories/category8.png]
[tfhtml.themepul.com/restly/assets/images/categories/category9.png]
[tfhtml.themepul.com/restly/assets/images/categories/category10.png]
[tfhtml.themepul.com/restly/assets/images/call-action/call-action-bg.png]
[tfhtml.themepul.com/restly/assets/images/call-action/call-action-right.png]
[tfhtml.themepul.com/restly/assets/images/testimonials/tai1.png]
[tfhtml.themepul.com/restly/assets/images/testimonials/tai2.png]
[tfhtml.themepul.com/restly/assets/images/testimonials/tai3.png]
[tfhtml.themepul.com/restly/assets/images/testimonials/tai4.png]
[tfhtml.themepul.com/restly/assets/images/testimonials/tai5.png]
[tfhtml.themepul.com/restly/assets/images/testimonials/testi-six-author-1.png]
[tfhtml.themepul.com/restly/assets/images/testimonials/testi-six-author-2.png]
[tfhtml.themepul.com/restly/assets/images/news/news-six1.jpg]
[tfhtml.themepul.com/restly/assets/images/news/news-six2.jpg]
[tfhtml.themepul.com/restly/assets/images/news/news-six3.jpg]
[tfhtml.themepul.com/restly/assets/js/jquery.countdown.min.js]
[tfhtml.themepul.com/restly/assets/js/imagesloaded.pkgd.min.js]
[tfhtml.themepul.com/restly/index9.html]
[tfhtml.themepul.com/restly/assets/images/hero/hero-ten-mobile.png]
[tfhtml.themepul.com/restly/assets/images/hero/hero-ten-1.png]
[tfhtml.themepul.com/restly/assets/images/hero/hero-ten-2.png]
[tfhtml.themepul.com/restly/assets/images/hero/hero-ten-3.png]
[tfhtml.themepul.com/restly/assets/images/hero/hero-ten-4.png]
[tfhtml.themepul.com/restly/assets/images/hero/hero-ten-5.png]
[tfhtml.themepul.com/restly/assets/images/about/about-ten.jpg]
[tfhtml.themepul.com/restly/assets/images/testimonials/comment-author.jpg]
[tfhtml.themepul.com/restly/assets/images/about/why-choose-mobile.png]
[tfhtml.themepul.com/restly/assets/images/mobiles/mobile-screens-bg.png]
[tfhtml.themepul.com/restly/assets/images/mobiles/mobile1.png]
[tfhtml.themepul.com/restly/assets/images/mobiles/mobile2.png]
[tfhtml.themepul.com/restly/assets/images/mobiles/mobile3.png]
[tfhtml.themepul.com/restly/assets/images/mobiles/mobile4.png]
[tfhtml.themepul.com/restly/assets/images/mobiles/mobile5.png]
[tfhtml.themepul.com/restly/assets/images/about/made-easy.png]
[tfhtml.themepul.com/restly/assets/images/about/made-easy-left.png]
[tfhtml.themepul.com/restly/assets/images/shapes/gift.png]
[tfhtml.themepul.com/restly/assets/images/shapes/newsletter.png]
[tfhtml.themepul.com/restly/assets/images/shapes/newsletter1.png]
[tfhtml.themepul.com/restly/assets/images/shapes/newsletter2.png]
[tfhtml.themepul.com/restly/assets/images/testimonials/testimonial-seven-bg.jpg]
[tfhtml.themepul.com/restly/assets/images/testimonials/testimonial-seven-left.jpg]
[tfhtml.themepul.com/restly/assets/images/testimonials/testi-seven-1.png]
[tfhtml.themepul.com/restly/assets/images/testimonials/testi-seven-2.png]
[tfhtml.themepul.com/restly/assets/images/testimonials/testi-seven-3.png]
[tfhtml.themepul.com/restly/assets/images/testimonials/testi-seven-4.png]
[tfhtml.themepul.com/restly/index10.html]
[tfhtml.themepul.com/restly/index-onepage.html]
[tfhtml.themepul.com/restly/index2-onepage.html]
[tfhtml.themepul.com/restly/index3-onepage.html]
[tfhtml.themepul.com/restly/index4-onepage.html]
[tfhtml.themepul.com/restly/index5-onepage.html]
[tfhtml.themepul.com/restly/index6-onepage.html]
[tfhtml.themepul.com/restly/index7-onepage.html]
[tfhtml.themepul.com/restly/index8-onepage.html]
[tfhtml.themepul.com/restly/index9-onepage.html]
[tfhtml.themepul.com/restly/index10-onepage.html]
[tfhtml.themepul.com/restly/assets/images/banner.jpg]
[tfhtml.themepul.com/restly/about.html]
[tfhtml.themepul.com/restly/about-2.html]
[tfhtml.themepul.com/restly/about-3.html]
[tfhtml.themepul.com/restly/about-4.html]
[tfhtml.themepul.com/restly/about-5.html]
[tfhtml.themepul.com/restly/about-6.html]
[tfhtml.themepul.com/restly/about-7.html]
[tfhtml.themepul.com/restly/services.html]
[tfhtml.themepul.com/restly/services-2.html]
[tfhtml.themepul.com/restly/services-3.html]
[tfhtml.themepul.com/restly/services-4.html]
[tfhtml.themepul.com/restly/services-5.html]
[tfhtml.themepul.com/restly/services-6.html]
[tfhtml.themepul.com/restly/services-7.html]
[tfhtml.themepul.com/restly/assets/images/services/service-details.jpg]
[tfhtml.themepul.com/restly/service-details.html]
[tfhtml.themepul.com/restly/counter.html]
[tfhtml.themepul.com/restly/assets/images/shop/product-1.jpg]
[tfhtml.themepul.com/restly/assets/images/shop/product-2.jpg]
[tfhtml.themepul.com/restly/assets/images/shop/product-3.jpg]
[tfhtml.themepul.com/restly/assets/images/shop/product-4.jpg]
[tfhtml.themepul.com/restly/assets/images/shop/product-5.jpg]
[tfhtml.themepul.com/restly/assets/images/shop/product-6.jpg]
[tfhtml.themepul.com/restly/assets/images/shop/product-7.jpg]
[tfhtml.themepul.com/restly/assets/images/shop/product-8.jpg]
[tfhtml.themepul.com/restly/assets/images/shop/product-9.jpg]
[tfhtml.themepul.com/restly/assets/images/shop/widget-1.jpg]
[tfhtml.themepul.com/restly/assets/images/shop/widget-2.jpg]
[tfhtml.themepul.com/restly/assets/images/shop/widget-3.jpg]
[tfhtml.themepul.com/restly/assets/images/shop/widget-4.jpg]
[tfhtml.themepul.com/restly/shop.html]
[tfhtml.themepul.com/restly/assets/images/shop/preview-1.jpg]
[tfhtml.themepul.com/restly/assets/images/shop/preview-2.jpg]
[tfhtml.themepul.com/restly/assets/images/shop/preview-3.jpg]
[tfhtml.themepul.com/restly/assets/images/shop/preview-4.jpg]
[tfhtml.themepul.com/restly/assets/images/shop/preview-5.jpg]
[tfhtml.themepul.com/restly/assets/images/shop/preview-6.jpg]
[tfhtml.themepul.com/restly/assets/images/shop/thumb-1.jpg]
[tfhtml.themepul.com/restly/assets/images/shop/thumb-2.jpg]
[tfhtml.themepul.com/restly/assets/images/shop/thumb-3.jpg]
[tfhtml.themepul.com/restly/assets/images/shop/thumb-4.jpg]
[tfhtml.themepul.com/restly/assets/images/shop/thumb-5.jpg]
[tfhtml.themepul.com/restly/assets/images/shop/thumb-6.jpg]
[tfhtml.themepul.com/restly/assets/images/shop/reviewer-1.png]
[tfhtml.themepul.com/restly/shop-details.html]
[tfhtml.themepul.com/restly/assets/images/gallery/gallery-three-4.jpg]
[tfhtml.themepul.com/restly/assets/images/gallery/gallery-three-5.jpg]
[tfhtml.themepul.com/restly/assets/images/gallery/gallery-three-6.jpg]
[tfhtml.themepul.com/restly/assets/images/gallery/gallery-three-7.jpg]
[tfhtml.themepul.com/restly/assets/images/gallery/gallery-three-8.jpg]
[tfhtml.themepul.com/restly/assets/images/gallery/gallery-three-9.jpg]
[tfhtml.themepul.com/restly/portfolio.html]
[tfhtml.themepul.com/restly/portfolio-2.html]
[tfhtml.themepul.com/restly/portfolio-3.html]
[tfhtml.themepul.com/restly/portfolio-4.html]
[tfhtml.themepul.com/restly/assets/images/gallery/portfolio-details.jpg]
[tfhtml.themepul.com/restly/assets/images/gallery/portfolio-middle-1.jpg]
[tfhtml.themepul.com/restly/assets/images/gallery/portfolio-middle-2.jpg]
[tfhtml.themepul.com/restly/portfolio-details.html]
[tfhtml.themepul.com/restly/team-1.html]
[tfhtml.themepul.com/restly/team-2.html]
[tfhtml.themepul.com/restly/team-3.html]
[tfhtml.themepul.com/restly/team-4.html]
[tfhtml.themepul.com/restly/assets/images/team/team-profile.jpg]
[tfhtml.themepul.com/restly/team-profile.html]
[tfhtml.themepul.com/restly/pricing.html]
[tfhtml.themepul.com/restly/pricing-2.html]
[tfhtml.themepul.com/restly/pricing-3.html]
[tfhtml.themepul.com/restly/pricing-4.html]
[tfhtml.themepul.com/restly/pricing-5.html]
[tfhtml.themepul.com/restly/pricing-6.html]
[tfhtml.themepul.com/restly/testimonial.html]
[tfhtml.themepul.com/restly/testimonial-2.html]
[tfhtml.themepul.com/restly/testimonial-3.html]
[tfhtml.themepul.com/restly/testimonial-4.html]
[tfhtml.themepul.com/restly/assets/images/404.png]
[tfhtml.themepul.com/restly/404.html]
[tfhtml.themepul.com/restly/assets/images/news/blog-standard-1.jpg]
[tfhtml.themepul.com/restly/assets/images/news/blog-standard-2.jpg]
[tfhtml.themepul.com/restly/assets/images/news/blog-standard-3.jpg]
[tfhtml.themepul.com/restly/assets/images/news/news-widget-1.jpg]
[tfhtml.themepul.com/restly/assets/images/news/news-widget-2.jpg]
[tfhtml.themepul.com/restly/assets/images/news/news-widget-3.jpg]
[tfhtml.themepul.com/restly/blog.html]
[tfhtml.themepul.com/restly/assets/images/news/comment-author-1.jpg]
[tfhtml.themepul.com/restly/assets/images/news/comment-author-2.jpg]
[tfhtml.themepul.com/restly/assets/images/news/comment-author-3.jpg]
[tfhtml.themepul.com/restly/blog-details.html]
[tfhtml.themepul.com/restly/assets/images/contact/contact-page.jpg]
[tfhtml.themepul.com/restly/contact.html]
[tfhtml.themepul.com/restly/assets/fonts/fa-brands-400.svg]
[tfhtml.themepul.com/restly/assets/fonts/fa-regular-400.svg]
[tfhtml.themepul.com/restly/assets/fonts/fa-solid-900.svg]
[tfhtml.themepul.com/restly/assets/fonts/CircularStd-Medium.woff2]
[tfhtml.themepul.com/restly/assets/fonts/CircularStd-Medium.woff]
[tfhtml.themepul.com/restly/assets/fonts/Nunito-ExtraLight.woff2]
[tfhtml.themepul.com/restly/assets/fonts/Nunito-ExtraLight.woff]
[tfhtml.themepul.com/restly/assets/css/home7fonts.css]
